cycle 0 AB=01xx DB=xx WE=1 DI=xx R10=00 R24=00
cycle 1 AB=01xx DB=30 WE=1 DI=xx R10=00 R24=00
cycle 2 AB=fffc DB=xx WE=0 DI=xx R10=00 R24=00
cycle 3 AB=fffd DB=xx WE=0 DI=00 R10=00 R24=00
cycle 4 AB=0200 DB=xx WE=0 DI=02 R10=00 R24=00
cycle 5 AB=0201 DB=xx WE=0 DI=a2 R10=00 R24=00
cycle 6 AB=0202 DB=xx WE=0 DI=00 R10=00 R24=00
cycle 7 AB=0203 DB=xx WE=0 DI=a9 R10=00 R24=00
cycle 8 AB=0204 DB=xx WE=0 DI=42 R10=00 R24=00
cycle 9 AB=0205 DB=xx WE=0 DI=85 R10=00 R24=00
cycle 10 AB=0010 DB=42 WE=1 DI=10 R10=00 R24=00
cycle 11 AB=0206 DB=42 WE=0 DI=00 R10=42 R24=00
cycle 12 AB=0207 DB=42 WE=0 DI=e8 R10=42 R24=00
cycle 13 AB=0207 DB=00 WE=0 DI=8a R10=42 R24=00
cycle 14 AB=0208 DB=00 WE=0 DI=8a R10=42 R24=00
cycle 15 AB=0208 DB=01 WE=0 DI=95 R10=42 R24=00
cycle 16 AB=0209 DB=42 WE=0 DI=95 R10=42 R24=00
cycle 17 AB=020a DB=01 WE=0 DI=20 R10=42 R24=00
cycle 18 AB=0021 DB=01 WE=1 DI=e0 R10=42 R24=00
cycle 19 AB=020a DB=01 WE=0 DI=00 R10=42 R24=00
cycle 20 AB=020b DB=01 WE=0 DI=e0 R10=42 R24=00
cycle 21 AB=020c DB=01 WE=0 DI=05 R10=42 R24=00
cycle 22 AB=020d DB=01 WE=0 DI=d0 R10=42 R24=00
cycle 23 AB=020e DB=01 WE=0 DI=f8 R10=42 R24=00
cycle 24 AB=0206 DB=01 WE=0 DI=4c R10=42 R24=00
cycle 25 AB=0207 DB=01 WE=0 DI=e8 R10=42 R24=00
cycle 26 AB=0207 DB=01 WE=0 DI=8a R10=42 R24=00
cycle 27 AB=0208 DB=01 WE=0 DI=8a R10=42 R24=00
cycle 28 AB=0208 DB=02 WE=0 DI=95 R10=42 R24=00
cycle 29 AB=0209 DB=01 WE=0 DI=95 R10=42 R24=00
cycle 30 AB=020a DB=02 WE=0 DI=20 R10=42 R24=00
cycle 31 AB=0022 DB=02 WE=1 DI=e0 R10=42 R24=00
cycle 32 AB=020a DB=02 WE=0 DI=00 R10=42 R24=00
cycle 33 AB=020b DB=02 WE=0 DI=e0 R10=42 R24=00
cycle 34 AB=020c DB=02 WE=0 DI=05 R10=42 R24=00
cycle 35 AB=020d DB=02 WE=0 DI=d0 R10=42 R24=00
cycle 36 AB=020e DB=02 WE=0 DI=f8 R10=42 R24=00
cycle 37 AB=0206 DB=02 WE=0 DI=4c R10=42 R24=00
cycle 38 AB=0207 DB=02 WE=0 DI=e8 R10=42 R24=00
cycle 39 AB=0207 DB=02 WE=0 DI=8a R10=42 R24=00
cycle 40 AB=0208 DB=02 WE=0 DI=8a R10=42 R24=00
cycle 41 AB=0208 DB=03 WE=0 DI=95 R10=42 R24=00
cycle 42 AB=0209 DB=02 WE=0 DI=95 R10=42 R24=00
cycle 43 AB=020a DB=03 WE=0 DI=20 R10=42 R24=00
cycle 44 AB=0023 DB=03 WE=1 DI=e0 R10=42 R24=00
cycle 45 AB=020a DB=03 WE=0 DI=00 R10=42 R24=00
cycle 46 AB=020b DB=03 WE=0 DI=e0 R10=42 R24=00
cycle 47 AB=020c DB=03 WE=0 DI=05 R10=42 R24=00
cycle 48 AB=020d DB=03 WE=0 DI=d0 R10=42 R24=00
cycle 49 AB=020e DB=03 WE=0 DI=f8 R10=42 R24=00
cycle 50 AB=0206 DB=03 WE=0 DI=4c R10=42 R24=00
cycle 51 AB=0207 DB=03 WE=0 DI=e8 R10=42 R24=00
cycle 52 AB=0207 DB=03 WE=0 DI=8a R10=42 R24=00
cycle 53 AB=0208 DB=03 WE=0 DI=8a R10=42 R24=00
cycle 54 AB=0208 DB=04 WE=0 DI=95 R10=42 R24=00
cycle 55 AB=0209 DB=03 WE=0 DI=95 R10=42 R24=00
cycle 56 AB=020a DB=04 WE=0 DI=20 R10=42 R24=00
cycle 57 AB=0024 DB=04 WE=1 DI=e0 R10=42 R24=00
cycle 58 AB=020a DB=04 WE=0 DI=00 R10=42 R24=04
cycle 59 AB=020b DB=04 WE=0 DI=e0 R10=42 R24=04
cycle 60 AB=020c DB=04 WE=0 DI=05 R10=42 R24=04
cycle 61 AB=020d DB=04 WE=0 DI=d0 R10=42 R24=04
cycle 62 AB=020e DB=04 WE=0 DI=f8 R10=42 R24=04
cycle 63 AB=0206 DB=04 WE=0 DI=4c R10=42 R24=04
cycle 64 AB=0207 DB=04 WE=0 DI=e8 R10=42 R24=04
cycle 65 AB=0207 DB=04 WE=0 DI=8a R10=42 R24=04
cycle 66 AB=0208 DB=04 WE=0 DI=8a R10=42 R24=04
cycle 67 AB=0208 DB=05 WE=0 DI=95 R10=42 R24=04
cycle 68 AB=0209 DB=04 WE=0 DI=95 R10=42 R24=04
cycle 69 AB=020a DB=05 WE=0 DI=20 R10=42 R24=04
cycle 70 AB=0025 DB=05 WE=1 DI=e0 R10=42 R24=04
cycle 71 AB=020a DB=05 WE=0 DI=00 R10=42 R24=04
cycle 72 AB=020b DB=05 WE=0 DI=e0 R10=42 R24=04
cycle 73 AB=020c DB=05 WE=0 DI=05 R10=42 R24=04
cycle 74 AB=020d DB=05 WE=0 DI=d0 R10=42 R24=04
cycle 75 AB=020e DB=05 WE=0 DI=f8 R10=42 R24=04
cycle 76 AB=020f DB=05 WE=0 DI=4c R10=42 R24=04
cycle 77 AB=0210 DB=05 WE=0 DI=0e R10=42 R24=04
cycle 78 AB=020e DB=05 WE=0 DI=02 R10=42 R24=04
cycle 79 AB=020f DB=05 WE=0 DI=4c R10=42 R24=04
cycle 80 AB=0210 DB=05 WE=0 DI=0e R10=42 R24=04
cycle 81 AB=020e DB=05 WE=0 DI=02 R10=42 R24=04
cycle 82 AB=020f DB=05 WE=0 DI=4c R10=42 R24=04
cycle 83 AB=0210 DB=05 WE=0 DI=0e R10=42 R24=04
cycle 84 AB=020e DB=05 WE=0 DI=02 R10=42 R24=04
cycle 85 AB=020f DB=05 WE=0 DI=4c R10=42 R24=04
cycle 86 AB=0210 DB=05 WE=0 DI=0e R10=42 R24=04
cycle 87 AB=020e DB=05 WE=0 DI=02 R10=42 R24=04
cycle 88 AB=020f DB=05 WE=0 DI=4c R10=42 R24=04
cycle 89 AB=0210 DB=05 WE=0 DI=0e R10=42 R24=04
cycle 90 AB=020e DB=05 WE=0 DI=02 R10=42 R24=04
cycle 91 AB=020f DB=05 WE=0 DI=4c R10=42 R24=04
cycle 92 AB=0210 DB=05 WE=0 DI=0e R10=42 R24=04
cycle 93 AB=020e DB=05 WE=0 DI=02 R10=42 R24=04
cycle 94 AB=020f DB=05 WE=0 DI=4c R10=42 R24=04
cycle 95 AB=0210 DB=05 WE=0 DI=0e R10=42 R24=04
cycle 96 AB=020e DB=05 WE=0 DI=02 R10=42 R24=04
cycle 97 AB=020f DB=05 WE=0 DI=4c R10=42 R24=04
cycle 98 AB=0210 DB=05 WE=0 DI=0e R10=42 R24=04
cycle 99 AB=020e DB=05 WE=0 DI=02 R10=42 R24=04
cycle 100 AB=020f DB=05 WE=0 DI=4c R10=42 R24=04
cycle 101 AB=0210 DB=05 WE=0 DI=0e R10=42 R24=04
cycle 102 AB=020e DB=05 WE=0 DI=02 R10=42 R24=04
cycle 103 AB=020f DB=05 WE=0 DI=4c R10=42 R24=04
cycle 104 AB=0210 DB=05 WE=0 DI=0e R10=42 R24=04
cycle 105 AB=020e DB=05 WE=0 DI=02 R10=42 R24=04
cycle 106 AB=020f DB=05 WE=0 DI=4c R10=42 R24=04
cycle 107 AB=0210 DB=05 WE=0 DI=0e R10=42 R24=04
cycle 108 AB=020e DB=05 WE=0 DI=02 R10=42 R24=04
cycle 109 AB=020f DB=05 WE=0 DI=4c R10=42 R24=04
cycle 110 AB=0210 DB=05 WE=0 DI=0e R10=42 R24=04
cycle 111 AB=020e DB=05 WE=0 DI=02 R10=42 R24=04
cycle 112 AB=020f DB=05 WE=0 DI=4c R10=42 R24=04
cycle 113 AB=0210 DB=05 WE=0 DI=0e R10=42 R24=04
cycle 114 AB=020e DB=05 WE=0 DI=02 R10=42 R24=04
cycle 115 AB=020f DB=05 WE=0 DI=4c R10=42 R24=04
cycle 116 AB=0210 DB=05 WE=0 DI=0e R10=42 R24=04
cycle 117 AB=020e DB=05 WE=0 DI=02 R10=42 R24=04
cycle 118 AB=020f DB=05 WE=0 DI=4c R10=42 R24=04
cycle 119 AB=0210 DB=05 WE=0 DI=0e R10=42 R24=04
cycle 120 AB=020e DB=05 WE=0 DI=02 R10=42 R24=04
cycle 121 AB=020f DB=05 WE=0 DI=4c R10=42 R24=04
cycle 122 AB=0210 DB=05 WE=0 DI=0e R10=42 R24=04
cycle 123 AB=020e DB=05 WE=0 DI=02 R10=42 R24=04
cycle 124 AB=020f DB=05 WE=0 DI=4c R10=42 R24=04
cycle 125 AB=0210 DB=05 WE=0 DI=0e R10=42 R24=04
cycle 126 AB=020e DB=05 WE=0 DI=02 R10=42 R24=04
cycle 127 AB=020f DB=05 WE=0 DI=4c R10=42 R24=04
cycle 128 AB=0210 DB=05 WE=0 DI=0e R10=42 R24=04
cycle 129 AB=020e DB=05 WE=0 DI=02 R10=42 R24=04
cycle 130 AB=020f DB=05 WE=0 DI=4c R10=42 R24=04
cycle 131 AB=0210 DB=05 WE=0 DI=0e R10=42 R24=04
cycle 132 AB=020e DB=05 WE=0 DI=02 R10=42 R24=04
cycle 133 AB=020f DB=05 WE=0 DI=4c R10=42 R24=04
cycle 134 AB=0210 DB=05 WE=0 DI=0e R10=42 R24=04
cycle 135 AB=020e DB=05 WE=0 DI=02 R10=42 R24=04
cycle 136 AB=020f DB=05 WE=0 DI=4c R10=42 R24=04
cycle 137 AB=0210 DB=05 WE=0 DI=0e R10=42 R24=04
cycle 138 AB=020e DB=05 WE=0 DI=02 R10=42 R24=04
cycle 139 AB=020f DB=05 WE=0 DI=4c R10=42 R24=04
cycle 140 AB=0210 DB=05 WE=0 DI=0e R10=42 R24=04
cycle 141 AB=020e DB=05 WE=0 DI=02 R10=42 R24=04
cycle 142 AB=020f DB=05 WE=0 DI=4c R10=42 R24=04
cycle 143 AB=0210 DB=05 WE=0 DI=0e R10=42 R24=04
cycle 144 AB=020e DB=05 WE=0 DI=02 R10=42 R24=04
cycle 145 AB=020f DB=05 WE=0 DI=4c R10=42 R24=04
cycle 146 AB=0210 DB=05 WE=0 DI=0e R10=42 R24=04
cycle 147 AB=020e DB=05 WE=0 DI=02 R10=42 R24=04
cycle 148 AB=020f DB=05 WE=0 DI=4c R10=42 R24=04
cycle 149 AB=0210 DB=05 WE=0 DI=0e R10=42 R24=04
cycle 150 AB=020e DB=05 WE=0 DI=02 R10=42 R24=04
cycle 151 AB=020f DB=05 WE=0 DI=4c R10=42 R24=04
cycle 152 AB=0210 DB=05 WE=0 DI=0e R10=42 R24=04
cycle 153 AB=020e DB=05 WE=0 DI=02 R10=42 R24=04
cycle 154 AB=020f DB=05 WE=0 DI=4c R10=42 R24=04
cycle 155 AB=0210 DB=05 WE=0 DI=0e R10=42 R24=04
cycle 156 AB=020e DB=05 WE=0 DI=02 R10=42 R24=04
cycle 157 AB=020f DB=05 WE=0 DI=4c R10=42 R24=04
cycle 158 AB=0210 DB=05 WE=0 DI=0e R10=42 R24=04
cycle 159 AB=020e DB=05 WE=0 DI=02 R10=42 R24=04
cycle 160 AB=020f DB=05 WE=0 DI=4c R10=42 R24=04
cycle 161 AB=0210 DB=05 WE=0 DI=0e R10=42 R24=04
cycle 162 AB=020e DB=05 WE=0 DI=02 R10=42 R24=04
cycle 163 AB=020f DB=05 WE=0 DI=4c R10=42 R24=04
cycle 164 AB=0210 DB=05 WE=0 DI=0e R10=42 R24=04
cycle 165 AB=020e DB=05 WE=0 DI=02 R10=42 R24=04
cycle 166 AB=020f DB=05 WE=0 DI=4c R10=42 R24=04
cycle 167 AB=0210 DB=05 WE=0 DI=0e R10=42 R24=04
cycle 168 AB=020e DB=05 WE=0 DI=02 R10=42 R24=04
cycle 169 AB=020f DB=05 WE=0 DI=4c R10=42 R24=04
cycle 170 AB=0210 DB=05 WE=0 DI=0e R10=42 R24=04
cycle 171 AB=020e DB=05 WE=0 DI=02 R10=42 R24=04
cycle 172 AB=020f DB=05 WE=0 DI=4c R10=42 R24=04
cycle 173 AB=0210 DB=05 WE=0 DI=0e R10=42 R24=04
cycle 174 AB=020e DB=05 WE=0 DI=02 R10=42 R24=04
cycle 175 AB=020f DB=05 WE=0 DI=4c R10=42 R24=04
cycle 176 AB=0210 DB=05 WE=0 DI=0e R10=42 R24=04
cycle 177 AB=020e DB=05 WE=0 DI=02 R10=42 R24=04
cycle 178 AB=020f DB=05 WE=0 DI=4c R10=42 R24=04
cycle 179 AB=0210 DB=05 WE=0 DI=0e R10=42 R24=04
cycle 180 AB=020e DB=05 WE=0 DI=02 R10=42 R24=04
cycle 181 AB=020f DB=05 WE=0 DI=4c R10=42 R24=04
cycle 182 AB=0210 DB=05 WE=0 DI=0e R10=42 R24=04
cycle 183 AB=020e DB=05 WE=0 DI=02 R10=42 R24=04
cycle 184 AB=020f DB=05 WE=0 DI=4c R10=42 R24=04
cycle 185 AB=0210 DB=05 WE=0 DI=0e R10=42 R24=04
cycle 186 AB=020e DB=05 WE=0 DI=02 R10=42 R24=04
cycle 187 AB=020f DB=05 WE=0 DI=4c R10=42 R24=04
cycle 188 AB=0210 DB=05 WE=0 DI=0e R10=42 R24=04
cycle 189 AB=020e DB=05 WE=0 DI=02 R10=42 R24=04
cycle 190 AB=020f DB=05 WE=0 DI=4c R10=42 R24=04
cycle 191 AB=0210 DB=05 WE=0 DI=0e R10=42 R24=04
cycle 192 AB=020e DB=05 WE=0 DI=02 R10=42 R24=04
cycle 193 AB=020f DB=05 WE=0 DI=4c R10=42 R24=04
cycle 194 AB=0210 DB=05 WE=0 DI=0e R10=42 R24=04
cycle 195 AB=020e DB=05 WE=0 DI=02 R10=42 R24=04
cycle 196 AB=020f DB=05 WE=0 DI=4c R10=42 R24=04
cycle 197 AB=0210 DB=05 WE=0 DI=0e R10=42 R24=04
cycle 198 AB=020e DB=05 WE=0 DI=02 R10=42 R24=04
cycle 199 AB=020f DB=05 WE=0 DI=4c R10=42 R24=04
cycle 200 AB=0210 DB=05 WE=0 DI=0e R10=42 R24=04
cycle 201 AB=020e DB=05 WE=0 DI=02 R10=42 R24=04
cycle 202 AB=020f DB=05 WE=0 DI=4c R10=42 R24=04
cycle 203 AB=0210 DB=05 WE=0 DI=0e R10=42 R24=04
cycle 204 AB=020e DB=05 WE=0 DI=02 R10=42 R24=04
cycle 205 AB=020f DB=05 WE=0 DI=4c R10=42 R24=04
cycle 206 AB=0210 DB=05 WE=0 DI=0e R10=42 R24=04
cycle 207 AB=020e DB=05 WE=0 DI=02 R10=42 R24=04
cycle 208 AB=020f DB=05 WE=0 DI=4c R10=42 R24=04
cycle 209 AB=0210 DB=05 WE=0 DI=0e R10=42 R24=04
cycle 210 AB=020e DB=05 WE=0 DI=02 R10=42 R24=04
cycle 211 AB=020f DB=05 WE=0 DI=4c R10=42 R24=04
cycle 212 AB=0210 DB=05 WE=0 DI=0e R10=42 R24=04
cycle 213 AB=020e DB=05 WE=0 DI=02 R10=42 R24=04
cycle 214 AB=020f DB=05 WE=0 DI=4c R10=42 R24=04
cycle 215 AB=0210 DB=05 WE=0 DI=0e R10=42 R24=04
cycle 216 AB=020e DB=05 WE=0 DI=02 R10=42 R24=04
cycle 217 AB=020f DB=05 WE=0 DI=4c R10=42 R24=04
cycle 218 AB=0210 DB=05 WE=0 DI=0e R10=42 R24=04
cycle 219 AB=020e DB=05 WE=0 DI=02 R10=42 R24=04
